lcd_driver.c:93:6:write8	24	static
lcd_driver.c:103:6:writeRegister8	16	static
lcd_driver.c:111:6:writeRegister16	16	static
lcd_driver.c:121:6:writeRegister32	16	static
lcd_driver.c:135:6:writeRegisterPair	24	static
lcd_driver.c:143:6:set_cursor	32	static
lcd_driver.c:158:6:lcd_init	8	static
lcd_driver.c:188:6:lcd_reset	16	static
lcd_driver.c:205:6:lcd_clear	24	static
lcd_driver.c:227:6:lcd_set_pixel	16	static
lcd_driver.c:242:6:lcd_set_window_color	32	static
lcd_driver.c:266:6:lcd_draw_string	48	static
lcd_driver.c:384:6:lcd_draw_image	40	static
lcd_driver.c:408:6:lcd_draw_line	64	static
lcd_driver.c:453:6:lcd_draw_rect	32	static
lcd_driver.c:511:6:lcd_draw_circle	48	static
lcd_driver.c:549:6:lcd_draw_fill_circle	32	static
lcd_driver.c:583:6:lcd_draw_batery_widget	40	static
lcd_driver.c:628:6:lcd_draw_wifi_signal_widget	48	static
lcd_driver.c:682:6:lcd_draw_circular_load_widget	56	static
lcd_driver.c:707:6:lcd_draw_rect_load_widget	40	static
lcd_driver.c:777:10:convert_from_rgb_8	24	static
lcd_driver.c:786:6:lcd_draw_message_widget	32	static
lcd_driver.c:804:6:gpio_pin_mode	40	static
