main.c:148:6:touch_read	32	static
main.c:219:6:system_block_screen_by_tp_crtl	16	static
main.c:231:5:main	56	static,ignoring_inline_asm
main.c:348:6:SystemClock_Config	96	static
main.c:396:6:PeriphCommonClock_Config	144	static
main.c:422:13:MX_ADC1_Init	48	static
main.c:486:13:MX_ADC2_Init	32	static
main.c:542:13:MX_SPI1_Init	8	static
main.c:582:13:MX_SPI3_Init	8	static
main.c:622:13:MX_TIM2_Init	40	static
main.c:667:13:MX_USART1_UART_Init	8	static
main.c:702:13:MX_GPIO_Init	48	static
main.c:790:6:print_logo	16	static
main.c:798:6:show_file	88	static
main.c:872:6:check_batery_task	24	static
main.c:887:6:screen_show_task	32	static
main.c:936:6:wait_animation_task	32	static
main.c:962:6:main_menu_show_task	48	static
main.c:1000:6:touch_screen_task	24	static
main.c:1019:6:save_state	32	static
main.c:1059:6:check_wifi_connection_task	40	static
main.c:1134:6:time_show_task	48	static
main.c:1162:6:file_explorer_task	64	static
main.c:1226:6:StartDefaultTask	16	static
main.c:1245:6:HAL_TIM_PeriodElapsedCallback	24	static
main.c:1264:6:Error_Handler	4	static,ignoring_inline_asm
