wifi_driver.c:68:6:set_default_wifi	4	static
wifi_driver.c:88:13:init_wifi	16	static
wifi_driver.c:100:6:reset_wifi	8	static
wifi_driver.c:111:6:wakeup_wifi	8	static
wifi_driver.c:119:6:stop_module_wifi	8	static
wifi_driver.c:130:13:write_cmd_wifi	32	static
wifi_driver.c:167:13:write_data_wifi	24	static
wifi_driver.c:195:13:write_data_size_wifi	32	static
wifi_driver.c:227:13:write_direct_wifi	24	static
wifi_driver.c:249:13:read_wifi	24	static
wifi_driver.c:290:13:wait_ready_wifi	16	static
wifi_driver.c:308:13:error_wifi	16	static
wifi_driver.c:314:13:error_check_wifi	32	static
wifi_driver.c:331:13:response_check_wifi	16	static
wifi_driver.c:347:13:write_transport_packet_size_wifi	24	static
wifi_driver.c:356:13:write_transport_packet_wifi	60	static
wifi_driver.c:471:7:base64_encode	56	static
wifi_driver.c:507:6:str_add	32	static
wifi_driver.c:522:6:str_copy	24	static
wifi_driver.c:531:5:str_find	40	static
wifi_driver.c:557:6:str_cat	40	static
wifi_driver.c:593:13:connect_wifi	32	static
wifi_driver.c:635:13:set_socket_wifi	16	static
wifi_driver.c:646:18:create_scan_node	24	static
wifi_driver.c:670:13:scan_wifi_soft_ap	32	static
wifi_driver.c:733:6:delete_scan_list	24	static
wifi_driver.c:751:8:rssi_soft_ap	24	static
wifi_driver.c:777:13:set_broker_mqtt	32	static
wifi_driver.c:813:13:set_credentials_mqtt	80	static
wifi_driver.c:837:13:set_topic_publish	120	static
wifi_driver.c:850:13:set_topic_susbcribe	120	static
wifi_driver.c:862:13:connect_broker_mqtt	16	static
wifi_driver.c:871:13:disconnect_broker_mqtt	16	static
wifi_driver.c:881:13:send_message_mqtt	104	static
wifi_driver.c:899:13:receive_message_mqtt	16	static
wifi_driver.c:920:13:connect_smtp	32	static
wifi_driver.c:964:13:open_smtp	40	static
wifi_driver.c:1040:13:send_email_smtp	32	static
wifi_driver.c:1136:13:close_smtp	24	static
wifi_driver.c:1163:13:connect_pop	32	static
wifi_driver.c:1189:13:open_pop	544	static
wifi_driver.c:1235:13:status_pop	16	static
wifi_driver.c:1246:13:read_email_pop	560	static
wifi_driver.c:1387:13:delete_message_pop	536	static
wifi_driver.c:1413:13:close_pop	24	static
wifi_driver.c:1435:13:connect_sntp	32	static
wifi_driver.c:1453:13:get_time_sntp	72	static
wifi_driver.c:1492:13:disconnect_sntp	16	static
wifi_driver.c:1498:13:get_utc	24	static
wifi_driver.c:1537:13:http_perform_as_stream_wheather	584	static
